[www.bashundharagroup.com/index.html]
[backblue.gif]
[fade.gif]
[index.html]
[www.bashundharagroup.com/humans.txt]
[www.bashundharagroup.com/assets/frontend/plugins/bootstrap/css/bootstrap.min.css]
[www.bashundharagroup.com/assets/frontend/plugins/bootstrap/css/bootstrap-grid.min.css]
[www.bashundharagroup.com/assets/frontend/plugins/bootstrap/css/bootstrap-reboot.min.css]
[www.bashundharagroup.com/assets/frontend/plugins/font-awesome/css/fontawesome-all.min.css]
[www.bashundharagroup.com/assets/frontend/fonts/style.css]
[www.bashundharagroup.com/assets/frontend/plugins/animate.css/css/animate.min.css]
[www.bashundharagroup.com/assets/frontend/plugins/dropdown/css/style.css]
[www.bashundharagroup.com/assets/frontend/plugins/flex-slider/css/flexslider.css]
[www.bashundharagroup.com/assets/frontend/plugins/colorbox/example3/colorbox.css]
[www.bashundharagroup.com/assets/frontend/plugins/isotope/css/isotope.css]
[www.bashundharagroup.com/assets/frontend/css/main.css]
[www.bashundharagroup.com/assets/frontend/css/main-responsive.css]
[www.bashundharagroup.com/page/corporate-profile.html]
[www.bashundharagroup.com/page/mission-vision-values.html]
[www.bashundharagroup.com/page/chairmans-message.html]
[www.bashundharagroup.com/page/life-and-works-of-the-chairman.html]
[www.bashundharagroup.com/page/toggi-real-estate-and-construction-limited.html]
[www.bashundharagroup.com/page/rangpur-riders.html]
[www.bashundharagroup.com/page/bashundhara-import-export-limited.html]
[www.bashundharagroup.com/gridpage/news.html]
[www.bashundharagroup.com/albums.html]
[www.bashundharagroup.com/categories/video.html]
[www.bashundharagroup.com/page/facebook.html]
[www.bashundharagroup.com/page/youtube.html]
[www.bashundharagroup.com/contact.html]
[www.bashundharagroup.com/assets/upload/banner/banner_1580964144.jpg]
[www.bashundharagroup.com/assets/upload/banner/banner_1523077938.jpg]
[www.bashundharagroup.com/assets/upload/banner/banner_1525776253.jpg]
[www.bashundharagroup.com/assets/upload/banner/banner_1523077954.jpg]
[www.bashundharagroup.com/assets/upload/banner/banner_1525930454.jpg]
[www.bashundharagroup.com/assets/upload/banner/banner_1525930722.jpg]
[www.bashundharagroup.com/assets/upload/banner/banner_1525930955.jpg]
[www.bashundharagroup.com/assets/upload/banner/banner_1525931572.jpg]
[www.bashundharagroup.com/assets/upload/banner/banner_1525931708.jpg]
[www.bashundharagroup.com/article/bashundhara-launches-toiletries-venture.html]
[www.bashundharagroup.com/assets/upload/cover/cover_1687755643.jpg]
[www.bashundharagroup.com/article/bashundhara-group-gets-int’l-recognition-for-csr-excellence.html]
[www.bashundharagroup.com/assets/upload/cover/cover_1595230293.jpg]
[www.bashundharagroup.com/article/ewpd-moves-to-digitise-documentation-with-support-of-techone.html]
[www.bashundharagroup.com/assets/upload/cover/cover_1661927159.jpg]
[www.bashundharagroup.com/article/bashundhara-group-stands-by-flood-hit-people-in-sylhet.html]
[www.bashundharagroup.com/assets/upload/cover/cover_1656129948.jpg]
[www.bashundharagroup.com/article/bashundhara-multi-trading-hosts-annual-business-conference.html]
[www.bashundharagroup.com/assets/upload/cover/cover_1653882192.jpg]
[www.bashundharagroup.com/article/safwan-sobhan-adorned-with-global-leader-of-the-year-2021-22.html]
[www.bashundharagroup.com/assets/upload/cover/cover_1649824978.jpg]
[www.bashundharagroup.com/article/bashundhara-group-md-honoured-as-_person-of-the-year_.html]
[www.bashundharagroup.com/assets/upload/cover/cover_1638250340.jpg]
[www.bashundharagroup.com/assets/upload/cover/cover_1647057035.jpg]
[www.bashundharagroup.com/article/bashundhara-group-to-supply-coal-to-rampal-power-plant.html]
[www.bashundharagroup.com/article/sayem-sobhan-anvir-receives-mother-teresa-intl-award.html]
[www.bashundharagroup.com/assets/upload/cover/cover_1645849663.jpg]
[www.bashundharagroup.com/article/safwan-sobhan-elected-bezia-president.html]
[www.bashundharagroup.com/assets/upload/cover/cover_1630127786.jpg]
[www.bashundharagroup.com/article/bashundhara-spices-launches-3-new-bangla-fonts.html]
[www.bashundharagroup.com/assets/upload/cover/cover_1644732901.jpg]
[www.bashundharagroup.com/article/bashundhara-ready-mix-and-construction-industries-ltd-starts-commercial-operations.html]
[www.bashundharagroup.com/assets/upload/cover/cover_1641270304.jpg]
[www.bashundharagroup.com/article/bashundhara-tissue-wins-country’s-‘best-brand’-award-for-4th-consecutive-term.html]
[www.bashundharagroup.com/assets/upload/cover/cover_1641270121.jpg]
[www.bashundharagroup.com/article/bashundhara-paper-approves-12pc-cash-dividend.html]
[www.bashundharagroup.com/assets/upload/cover/cover_1640775690.jpg]
[www.bashundharagroup.com/assets/upload/cover/cover_1640775535.jpg]
[www.bashundharagroup.com/article/bashundhara-group’s-noble-initiative_-cold-hit-people-get-blankets-in-narail-jhenaidah-pabna.html]
[www.bashundharagroup.com/assets/pdf/Corporate_Profile_BG_2018.pdf]
[www.bashundharagroup.com/page/toggi-fun-world-brand.html]
[www.bashundharagroup.com/assets/upload/small/small_1666068419.png]
[www.bashundharagroup.com/page/brand-bashundhara-kings.html]
[www.bashundharagroup.com/assets/upload/small/small_1525513764.png]
[www.bashundharagroup.com/page/brand-international-convention-city-bashundhara.html]
[www.bashundharagroup.com/assets/upload/small/small_1525511086.png]
[www.bashundharagroup.com/page/brand-baba-rafi-bangladesh.html]
[www.bashundharagroup.com/assets/upload/small/small_1525513506.png]
[www.bashundharagroup.com/page/king-brand-cement.html]
[www.bashundharagroup.com/assets/upload/small/small_1525686548.png]
[www.bashundharagroup.com/page/bashundhara-cement.html]
[www.bashundharagroup.com/assets/upload/small/small_1525686482.png]
[www.bashundharagroup.com/page/news-24-tv.html]
[www.bashundharagroup.com/assets/upload/small/small_1525683191.png]
[www.bashundharagroup.com/page/radio-capital.html]
[www.bashundharagroup.com/assets/upload/small/small_1525515255.png]
[www.bashundharagroup.com/page/daily-kaler-kantho.html]
[www.bashundharagroup.com/assets/upload/small/small_1525514190.png]
[www.bashundharagroup.com/page/daily-sun.html]
[www.bashundharagroup.com/assets/upload/small/small_1525514118.png]
[www.bashundharagroup.com/page/bangla-news-24.html]
[www.bashundharagroup.com/assets/upload/small/small_1525514031.png]
[www.bashundharagroup.com/page/bangladesh-protidin.html]
[www.bashundharagroup.com/assets/upload/small/small_1525513917.png]
[www.bashundharagroup.com/page/bashundhara-city-development-ltd.html]
[www.bashundharagroup.com/assets/upload/small/small_1525511321.png]
[www.bashundharagroup.com/page/monalisa.html]
[www.bashundharagroup.com/assets/upload/small/small_1522230789.png]
[www.bashundharagroup.com/page/bashundhara-diapant.html]
[www.bashundharagroup.com/assets/upload/small/small_1522230769.png]
[www.bashundharagroup.com/page/bashundhara-diaper.html]
[www.bashundharagroup.com/assets/upload/small/small_1522230749.png]
[www.bashundharagroup.com/page/bashundhara-exercise-book.html]
[www.bashundharagroup.com/assets/upload/small/small_1522230727.png]
[www.bashundharagroup.com/page/bashundhara-tissue.html]
[www.bashundharagroup.com/assets/upload/small/small_1522230703.png]
[www.bashundharagroup.com/page/a4-paper.html]
[www.bashundharagroup.com/assets/upload/small/small_1522230679.png]
[www.bashundharagroup.com/privacy-policy.html]
[www.bashundharagroup.com/assets/frontend/plugins/jQuery-lib/3.3.1/jquery-3.3.1.min.js]
[www.bashundharagroup.com/assets/frontend/plugins/jQuery-lib/3.3.1/jquery-migrate-1.4.1.min.js]
[www.bashundharagroup.com/assets/frontend/plugins/bootstrap/js/popper.min.js]
[www.bashundharagroup.com/assets/frontend/plugins/tether/js/tether.min.js]
[www.bashundharagroup.com/assets/frontend/plugins/bootstrap/js/bootstrap.bundle.min.js]
[www.bashundharagroup.com/assets/frontend/plugins/smoothscroll/js/smooth-scroll.js]
[www.bashundharagroup.com/assets/frontend/plugins/dropdown/js/script.min.js]
[www.bashundharagroup.com/assets/frontend/plugins/flip-card/js/flip-card.js]
[www.bashundharagroup.com/assets/frontend/plugins/touchswipe/js/jquery.touch-swipe.min.js]
[www.bashundharagroup.com/assets/frontend/plugins/holder/js/holder.js]
[www.bashundharagroup.com/assets/frontend/plugins/flex-slider/js/jquery.flexslider.js]
[www.bashundharagroup.com/assets/frontend/plugins/flex-slider/js/jquery.easing.js]
[www.bashundharagroup.com/assets/frontend/plugins/mousewheel/js/jquery.mousewheel.js]
[www.bashundharagroup.com/assets/frontend/plugins/colorbox/js/jquery.colorbox-min.js]
[www.bashundharagroup.com/assets/frontend/plugins/isotope/js/isotope.pkgd.min.js]
[www.bashundharagroup.com/assets/frontend/plugins/images-loaded/js/imagesloaded.pkgd.min.js]
[www.bashundharagroup.com/assets/frontend/plugins/theme/js/script.js]
[www.bashundharagroup.com/assets/frontend/js/main.js]
[www.bashundharagroup.com/index.html]
[www.bashundharagroup.com/assets/frontend/plugins/bootstrap/css/bootstrap.min.css]
[www.bashundharagroup.com/assets/frontend/plugins/bootstrap/css/bootstrap-grid.min.css]
[www.bashundharagroup.com/assets/frontend/plugins/bootstrap/css/bootstrap-reboot.min.css]
[www.bashundharagroup.com/assets/frontend/plugins/font-awesome/webfonts/fa-brands-400.eot]
[www.bashundharagroup.com/assets/frontend/plugins/font-awesome/webfonts/fa-brands-400d41d.eot]
[www.bashundharagroup.com/assets/frontend/plugins/font-awesome/webfonts/fa-brands-400.woff2]
[www.bashundharagroup.com/assets/frontend/plugins/font-awesome/webfonts/fa-brands-400.woff]
[www.bashundharagroup.com/assets/frontend/plugins/font-awesome/webfonts/fa-brands-400.ttf]
[www.bashundharagroup.com/assets/frontend/plugins/font-awesome/webfonts/fa-regular-400.eot]
[www.bashundharagroup.com/assets/frontend/plugins/font-awesome/webfonts/fa-brands-400.svg]
[www.bashundharagroup.com/assets/frontend/plugins/font-awesome/webfonts/fa-regular-400d41d.eot]
[www.bashundharagroup.com/assets/frontend/plugins/font-awesome/webfonts/fa-regular-400.woff2]
[www.bashundharagroup.com/assets/frontend/plugins/font-awesome/webfonts/fa-regular-400.woff]
[www.bashundharagroup.com/assets/frontend/plugins/font-awesome/webfonts/fa-regular-400.ttf]
[www.bashundharagroup.com/assets/frontend/plugins/font-awesome/webfonts/fa-regular-400.svg]
[www.bashundharagroup.com/assets/frontend/plugins/font-awesome/webfonts/fa-solid-900.eot]
[www.bashundharagroup.com/assets/frontend/plugins/font-awesome/webfonts/fa-solid-900d41d.eot]
[www.bashundharagroup.com/assets/frontend/plugins/font-awesome/webfonts/fa-solid-900.woff2]
[www.bashundharagroup.com/assets/frontend/plugins/font-awesome/webfonts/fa-solid-900.woff]
[www.bashundharagroup.com/assets/frontend/plugins/font-awesome/webfonts/fa-solid-900.ttf]
[www.bashundharagroup.com/assets/frontend/plugins/font-awesome/css/fontawesome-all.min.css]
[www.bashundharagroup.com/assets/frontend/plugins/font-awesome/webfonts/fa-solid-900.svg]
[www.bashundharagroup.com/assets/frontend/fonts/fonts/clip-font.eot]
[www.bashundharagroup.com/assets/frontend/fonts/fonts/clip-fontd41dd41d.eot]
[www.bashundharagroup.com/assets/frontend/fonts/fonts/clip-font.woff]
[www.bashundharagroup.com/assets/frontend/fonts/fonts/clip-font.ttf]
[www.bashundharagroup.com/assets/frontend/fonts/akaChen/akaChen.woff2]
[www.bashundharagroup.com/assets/frontend/fonts/fonts/clip-font.svg]
[www.bashundharagroup.com/assets/frontend/fonts/akaChen/akaChen.woff]
[www.bashundharagroup.com/assets/frontend/fonts/antipastoRegular/antipastoRegular.woff2]
[www.bashundharagroup.com/assets/frontend/fonts/antipastoRegular/antipastoRegular.woff]
[www.bashundharagroup.com/assets/frontend/fonts/style.css]
[www.bashundharagroup.com/assets/frontend/plugins/animate.css/css/animate.min.css]
[www.bashundharagroup.com/assets/frontend/plugins/dropdown/css/style.css]
[www.bashundharagroup.com/assets/frontend/plugins/flex-slider/fonts/flexslider-icon.eot]
[www.bashundharagroup.com/assets/frontend/plugins/flex-slider/fonts/flexslider-icond41dd41d.eot]
[www.bashundharagroup.com/assets/frontend/plugins/flex-slider/fonts/flexslider-icon.woff]
[www.bashundharagroup.com/assets/frontend/plugins/flex-slider/fonts/flexslider-icon.ttf]
[www.bashundharagroup.com/assets/frontend/plugins/flex-slider/css/flexslider.css]
[www.bashundharagroup.com/assets/frontend/plugins/flex-slider/fonts/flexslider-icon.svg]
[www.bashundharagroup.com/assets/frontend/plugins/colorbox/example3/images/loading.gif]
[www.bashundharagroup.com/assets/frontend/plugins/colorbox/example3/images/controls.png]
[www.bashundharagroup.com/assets/frontend/plugins/colorbox/example3/colorbox.css]
[www.bashundharagroup.com/assets/frontend/plugins/isotope/css/isotope.css]
[www.bashundharagroup.com/assets/frontend/fonts/solaimanLipi/SolaimanLipi.eot]
[www.bashundharagroup.com/assets/frontend/fonts/solaimanLipi/SolaimanLipid41d.eot]
[www.bashundharagroup.com/assets/frontend/fonts/solaimanLipi/SolaimanLipi.woff]
[www.bashundharagroup.com/assets/frontend/fonts/solaimanLipi/SolaimanLipi.ttf]
[www.bashundharagroup.com/assets/frontend/css/main.css]
[www.bashundharagroup.com/assets/images/bg_6.jpg]
[www.bashundharagroup.com/assets/frontend/css/main-responsive.css]
[www.bashundharagroup.com/assets/frontend/fonts/solaimanLipi/SolaimanLipi.svg]
[connect.facebook.net/en_GB/sdk.js]
[www.bashundharagroup.com/assets/upload/banner/banner_1595230293.jpg]
[www.bashundharagroup.com/page/corporate-profile.html]
[www.bashundharagroup.com/assets/upload/banner/banner_1526100642.png]
[www.bashundharagroup.com/page/mission-vision-values.html]
[www.bashundharagroup.com/assets/upload/grid/grid_1523810373.png]
[www.bashundharagroup.com/page/chairmans-message.html]
[www.bashundharagroup.com/assets/upload/banner/banner_1525754215.jpg]
[www.bashundharagroup.com/page/life-and-works-of-the-chairman.html]
[www.bashundharagroup.com/assets/upload/banner/banner_1653718555.png]
[www.bashundharagroup.com/page/toggi-real-estate-and-construction-limited.html]
[www.bashundharagroup.com/assets/upload/banner/banner_1527139318.png]
[www.bashundharagroup.com/page/rangpur-riders.html]
[www.bashundharagroup.com/assets/upload/banner/banner_1563962847.jpg]
[www.bashundharagroup.com/page/bashundhara-import-export-limited.html]
[www.bashundharagroup.com/article/bashundhara-tissue-awarded-asia’s-prestigious-brand.html]
[www.bashundharagroup.com/assets/upload/medium/medium_1710130530.png]
[www.bashundharagroup.com/article/bashundhara-paper-sector-unveils-its-first-sustainability-report.html]
[www.bashundharagroup.com/assets/upload/medium/medium_1705473356.jpg]
[www.bashundharagroup.com/article/bashundhara-tissue-wins-‘best-brand-award’-for-6th-time-in-a-row.html]
[www.bashundharagroup.com/assets/upload/medium/medium_1703581461.jpg]
[www.bashundharagroup.com/article/bashundhara-toiletries-unveils-logo.html]
[www.bashundharagroup.com/assets/upload/medium/medium_1694842061.jpg]
[www.bashundharagroup.com/article/extra-softness-arrives-in-bangladesh-with-petal-tissue-of-bashundhara.html]
[www.bashundharagroup.com/assets/upload/medium/medium_1694841961.jpg]
[www.bashundharagroup.com/assets/upload/medium/medium_1687755643.jpg]
[www.bashundharagroup.com/assets/upload/medium/medium_1595230293.jpg]
[www.bashundharagroup.com/assets/upload/medium/medium_1661927159.jpg]
[www.bashundharagroup.com/assets/upload/medium/medium_1656129948.jpg]
[www.bashundharagroup.com/assets/upload/medium/medium_1653882192.jpg]
[www.bashundharagroup.com/assets/upload/medium/medium_1649824978.jpg]
[www.bashundharagroup.com/assets/upload/medium/medium_1638250340.jpg]
[www.bashundharagroup.com/assets/upload/medium/medium_1647057035.jpg]
[www.bashundharagroup.com/assets/upload/medium/medium_1645849663.jpg]
[www.bashundharagroup.com/assets/upload/medium/medium_1630127786.jpg]
[www.bashundharagroup.com/assets/upload/medium/medium_1644732901.jpg]
[www.bashundharagroup.com/assets/upload/medium/medium_1641270304.jpg]
[www.bashundharagroup.com/assets/upload/medium/medium_1641270121.jpg]
[www.bashundharagroup.com/assets/upload/medium/medium_1640775690.jpg]
[www.bashundharagroup.com/assets/upload/medium/medium_1640775535.jpg]
[www.bashundharagroup.com/article/sayem-sobhan-anvir-elected-bajus-president.html]
[www.bashundharagroup.com/article/bashundhara-group-launches-bir-cement.html]
[www.bashundharagroup.com/assets/upload/medium/medium_1636782971.png]
[www.bashundharagroup.com/article/bashundhara-group-recognized-with-‘best-brand-2021’-status.html]
[www.bashundharagroup.com/article/bashundhara-group-vc-shafiat-sobhan-receives-int’l-award-for-business-leadership.html]
[www.bashundharagroup.com/assets/upload/medium/medium_1631004668.jpg]
[www.bashundharagroup.com/article/safwan-sobhan-gets-‘asia’s-greatest-leader’-award.html]
[www.bashundharagroup.com/article/bashundhara-tissue-wins-‘asia’s-greatest-brand’-award.html]
[www.bashundharagroup.com/assets/upload/medium/medium_1630133047.png]
[www.bashundharagroup.com/article/bashundhara-group-distributes-relief-among-3000-families-in-b’baria.html]
[www.bashundharagroup.com/assets/upload/medium/medium_1630127754.jpg]
[www.bashundharagroup.com/article/bashundhara-group-distributes-relief-in-rajshahi-gaibandha.html]
[www.bashundharagroup.com/assets/upload/medium/medium_1630127704.jpg]
[www.bashundharagroup.com/article/bashundhara-group-continues-relief-operation-in-rajshahi.html]
[www.bashundharagroup.com/assets/upload/medium/medium_1629701114.jpg]
[www.bashundharagroup.com/article/bashundhara-group-brings-happiness-to-poor-in-pabna.html]
[www.bashundharagroup.com/assets/upload/medium/medium_1628919033.jpg]
[www.bashundharagroup.com/article/bashundhara-group-distributes-relief-among-insolvent-families-in-bogura.html]
[www.bashundharagroup.com/assets/upload/medium/medium_1627725715.jpg]
[www.bashundharagroup.com/article/bashundhara-group-distributes-relief-at-iccb.html]
[www.bashundharagroup.com/assets/upload/medium/medium_1626689969.jpg]
[www.bashundharagroup.com/article/bashundhara-group-receives-best-business-conglomerate-group-award-2021.html]
[www.bashundharagroup.com/article/studentsorphans-pray-for-bashundhara-group-chairman.html]
[www.bashundharagroup.com/assets/upload/medium/medium_1627724748.jpg]
[www.bashundharagroup.com/article/iccb-heritage-restaurant-launches-journey.html]
[www.bashundharagroup.com/assets/upload/medium/medium_1627724353.jpg]
[www.bashundharagroup.com/article/bashundhara-bitumen-starts-commercial-operations.html]
[www.bashundharagroup.com/assets/upload/medium/medium_1613021654.jpg]
[www.bashundharagroup.com/article/bashundhara-group-sets-up-country’s-biggest-petrochemical-plant.html]
[www.bashundharagroup.com/assets/upload/medium/medium_1610945607.jpg]
[www.bashundharagroup.com/article/blpgl-accords-reception-to-bashundhara-kings-players.html]
[www.bashundharagroup.com/assets/upload/medium/medium_1610945585.jpg]
[www.bashundharagroup.com/article/kings-retain-federation-cup-title.html]
[www.bashundharagroup.com/assets/upload/medium/medium_1610944260.jpg]
[www.bashundharagroup.com/article/bashundhara-group-sets-example-of-humanity.html]
[www.bashundharagroup.com/assets/upload/medium/medium_1608612079.jpg]
[www.bashundharagroup.com/article/bashundhara-group-a-pioneer-of-low-cost-health-service-medical-education.html]
[www.bashundharagroup.com/assets/upload/medium/medium_1608610114.jpg]
[www.bashundharagroup.com/article/bashundhara-housing-changed-office-address.html]
[www.bashundharagroup.com/assets/upload/medium/medium_1608533551.jpg]
[www.bashundharagroup.com/article/bashundhara-group-receives-superbrands-award-for-lp-gas.html]
[www.bashundharagroup.com/assets/upload/medium/medium_1608533587.jpg]
[www.bashundharagroup.com/article/winning-superbrands-award-by-bashundhara-paper-tissue-and-diaper-celebrated.html]
[www.bashundharagroup.com/assets/upload/medium/medium_1608533409.jpg]
[www.bashundharagroup.com/article/bashundhara-bitumen-plant-to-produce-quality-bitumen.html]
[www.bashundharagroup.com/assets/upload/medium/medium_1608533379.jpg]
[www.bashundharagroup.com/article/bashundhara-group-stands-by-injured-journo.html]
[www.bashundharagroup.com/assets/upload/medium/medium_1600672100.jpg]
[www.bashundharagroup.com/article/cement-sector-cba-leaders-appreciate-bashundhara-group.html]
[www.bashundharagroup.com/assets/upload/medium/medium_1600251812.jpg]
[www.bashundharagroup.com/article/bashundhara-group-distributes-food-aid-among-flood-hit-people.html]
[www.bashundharagroup.com/assets/upload/medium/medium_1597722855.jpg]
[www.bashundharagroup.com/article/bashundhara-group-stands-by-flood-hit-people.html]
[www.bashundharagroup.com/assets/upload/medium/medium_1597722398.jpg]
[www.bashundharagroup.com/article/products-of-bashundhara-restaurant-now-available-at-evaly.html]
[www.bashundharagroup.com/assets/upload/medium/medium_1595772337.jpg]
[www.bashundharagroup.com/article/bashundhara-group-chairman-provides-food-for-6000-families.html]
[www.bashundharagroup.com/assets/upload/medium/medium_1595733852.jpg]
[www.bashundharagroup.com/article/bashundhara-group-donates-tk-15-lakh-to-families-of-3-journos.html]
[www.bashundharagroup.com/assets/upload/medium/medium_1594614287.jpg]
[www.bashundharagroup.com/article/bashundhara-group-to-set-up-bag-plant-at-mongla.html]
[www.bashundharagroup.com/assets/upload/medium/medium_1593387843.jpg]
[www.bashundharagroup.com/article/bashundhara-group-chairman-provides-eid-gifts-for-10500-poor-families.html]
[www.bashundharagroup.com/assets/upload/medium/medium_1590220750.jpg]
[www.bashundharagroup.com/article/bashundhara-group-vice-chairman-stands-by-one-legged-girl.html]
[www.bashundharagroup.com/assets/upload/medium/medium_1589965098.jpg]
[www.bashundharagroup.com/article/bashundhara-group-donates-tk-20-lakh-to-newspaper-hawkers.html]
[www.bashundharagroup.com/assets/upload/medium/medium_1589908194.jpg]
[www.bashundharagroup.com/article/bashundhara-group-provides-food-assistance-to-3500-people.html]
[www.bashundharagroup.com/assets/upload/medium/medium_1586812137.jpg]
[www.bashundharagroup.com/article/bashundhara-group-provides-food-items-to-2000-hawkers-distributors.html]
[www.bashundharagroup.com/assets/upload/medium/medium_1586367311.jpg]
[www.bashundharagroup.com/article/basundhara-group-to-turn-its-convention-centres-into-5000-bed-hospital-in-dhaka.html]
[www.bashundharagroup.com/assets/upload/medium/medium_1586092220.jpg]
[www.bashundharagroup.com/assets/upload/medium/medium_1585585400.jpg]
[www.bashundharagroup.com/article/bashundhara-group-chairman-visits-purbachal-cbd-project.html]
[www.bashundharagroup.com/article/bashundhara-groups-4th-branch-of-food-hall-inaugurated.html]
[www.bashundharagroup.com/assets/upload/medium/medium_1583120046.jpg]
[www.bashundharagroup.com/article/bashundhara-group-to-market-more-quality-food-items-says-shafiat-sobhan-sanvir.html]
[www.bashundharagroup.com/assets/upload/medium/medium_1587345350.jpg]
[www.bashundharagroup.com/article/bashundhara-group-offers-land-for-setting-up-china-town.html]
[www.bashundharagroup.com/assets/upload/medium/medium_1587345606.jpg]
[www.bashundharagroup.com/article/bashundhara-group_-role-model-of-ethical-business.html]
[www.bashundharagroup.com/assets/upload/medium/medium_1521516880.png]
[www.bashundharagroup.com/article/canada-province-agri-minister-meets-bashundhara-group-md.html]
[www.bashundharagroup.com/assets/upload/medium/medium_1587346844.jpg]
[www.bashundharagroup.com/article/asiaone-global-asian-of-the-year-safwan-sobhan.html]
[www.bashundharagroup.com/assets/upload/medium/medium_1581498073.jpg]
[www.bashundharagroup.com/article/yeasha-sobhan-honored-with-rising-star-award-in-bangkok.html]
[www.bashundharagroup.com/assets/upload/medium/medium_1581498021.jpg]
[www.bashundharagroup.com/article/bashundhara-group-bankers-championship-inaugurated.html]
[www.bashundharagroup.com/assets/upload/medium/medium_1587347034.jpg]
[www.bashundharagroup.com/article/bashundhara-group-stands-by-talented-litunjira-in-jashore.html]
[www.bashundharagroup.com/assets/upload/medium/medium_1587347165.jpg]
[www.bashundharagroup.com/article/bashundhara-group-chairman-ahmed-akbar-sobhan-inaugurates-dhali-fitness-centre.html]
[www.bashundharagroup.com/assets/upload/medium/medium_1587347302.jpg]
[www.bashundharagroup.com/article/bashundhara-group-donates-land-to-ansar-vdp.html]
[www.bashundharagroup.com/assets/upload/medium/medium_1587347410.jpg]
[www.bashundharagroup.com/article/bashundhara-group’s-director-sabrina-sobhan-stands-beside-lynched-renu’s-children.html]
[www.bashundharagroup.com/assets/upload/medium/medium_1587347562.png]
[www.bashundharagroup.com/article/bashundhara-group-to-supply-cement-stone-to-build-2-jetties-at-mongla-port.html]
[www.bashundharagroup.com/assets/upload/medium/medium_1587347845.jpg]
[www.bashundharagroup.com/article/bashundhara-tissue-wins-best-brand-award-2019.html]
[www.bashundharagroup.com/assets/upload/medium/medium_1575783180.jpg]
[www.bashundharagroup.com/article/bashundhara-group-to-continue-support-for-pediatric-cardiology.html]
[www.bashundharagroup.com/assets/upload/medium/medium_1587347991.jpg]
[www.bashundharagroup.com/article/bashundhara-group-is-working-for-the-people-of-the-country---safwan-sobhan.html]
[www.bashundharagroup.com/assets/upload/medium/medium_1587348202.jpg]
[www.bashundharagroup.com/article/bashundhara-group-chairman-awarded-person-of-the-year.html]
[www.bashundharagroup.com/assets/upload/medium/medium_1556962951.jpg]
[www.bashundharagroup.com/article/ukrainian-delegation-with-the-chairman-of-bashundhara-group.html]
[www.bashundharagroup.com/assets/upload/medium/medium_1587349014.jpg]
[www.bashundharagroup.com/article/kaler-kantho-steps-into-10th-year-with-festivity.html]
[www.bashundharagroup.com/assets/upload/medium/medium_1547274372.jpg]
[www.bashundharagroup.com/article/bashundhara-tissue-wins-best-tissue-brand-award.html]
[www.bashundharagroup.com/assets/upload/medium/medium_1544413630.jpg]
[www.bashundharagroup.com/article/bashundhara-group-director-yeasha-sobhan-wins-women-leadership-excellence-award.html]
[www.bashundharagroup.com/assets/upload/medium/medium_1537778743.jpg]
[www.bashundharagroup.com/article/bashundhara-paper-launches-export-oriented-mosquito-coil.html]
[www.bashundharagroup.com/assets/upload/medium/medium_1537165300.jpg]
[www.bashundharagroup.com/assets/upload/medium/medium_1530611436.jpg]
[www.bashundharagroup.com/article/bashundhara-paper-makes-flying-debut.html]
[www.bashundharagroup.com/article/bashundhara-lp-gas-hosts-iftar-at-iccb.html]
[www.bashundharagroup.com/assets/upload/medium/medium_1528782226.jpg]
[www.bashundharagroup.com/article/bashundhara-paper-mills-ipo-lottery-held.html]
[www.bashundharagroup.com/assets/upload/medium/medium_1527755471.png]
[www.bashundharagroup.com/article/food-hall-launched-in-bashundhara-city.html]
[www.bashundharagroup.com/assets/upload/medium/medium_1527571601.jpg]
[www.bashundharagroup.com/article/india-won’t-do-anything-harmful-to-bangladesh.html]
[www.bashundharagroup.com/assets/upload/medium/medium_1525934753.jpg]
[www.bashundharagroup.com/article/ndc-officials-visit-east-west-media-group-ltd.html]
[www.bashundharagroup.com/assets/upload/medium/medium_1524479310.jpg]
[www.bashundharagroup.com/article/bashundhara-cement-celebrates-record-sales.html]
[www.bashundharagroup.com/assets/upload/medium/medium_1524478305.jpg]
[www.bashundharagroup.com/article/bashundhara-md-calls-for-more-us-bangladesh-trade.html]
[www.bashundharagroup.com/assets/upload/medium/medium_1524478081.jpg]
[www.bashundharagroup.com/article/bashundhara-lp-gas-distributors’-confce-held.html]
[www.bashundharagroup.com/assets/upload/medium/medium_1524477929.jpg]
[www.bashundharagroup.com/article/bangladesh-pratidin-steps-into-9th-year.html]
[www.bashundharagroup.com/assets/upload/medium/medium_1524477641.jpg]
[www.bashundharagroup.com/article/nub-team-calls-on-bashundhara-group-chairman.html]
[www.bashundharagroup.com/assets/upload/medium/medium_1524477153.jpg]
[www.bashundharagroup.com/article/bashundhara-paper-introduces-crm-software.html]
[www.bashundharagroup.com/assets/upload/medium/medium_1524476827.jpg]
[www.bashundharagroup.com/article/a-rare-honour-to-humanity.html]
[www.bashundharagroup.com/assets/upload/medium/medium_1523206478.jpg]
[www.bashundharagroup.com/article/32-crore-hands.html]
[www.bashundharagroup.com/assets/upload/medium/medium_1524432561.jpg]
[www.bashundharagroup.com/article/bashundhara-group-and-yin-group.html]
[www.bashundharagroup.com/assets/upload/medium/medium_1524432455.jpg]
[www.bashundharagroup.com/article/kaler-kantho-steps-into-9th-year.html]
[www.bashundharagroup.com/assets/upload/medium/medium_1523208502.jpg]
[www.bashundharagroup.com/article/radio-capital-best-fm.html]
[www.bashundharagroup.com/assets/upload/medium/medium_1524431513.png]
[www.bashundharagroup.com/article/ewmgl-gets-nbr-award.html]
[www.bashundharagroup.com/assets/upload/medium/medium_1524431426.jpg]
[www.bashundharagroup.com/article/bg-agms-corporation.html]
[www.bashundharagroup.com/assets/upload/medium/medium_1524430821.jpg]
[www.bashundharagroup.com/article/blpgl-gets-best-brand-award.html]
[www.bashundharagroup.com/assets/upload/medium/medium_1524430591.jpg]
[www.bashundharagroup.com/article/20th-agm-of-world-blind-cricket-held.html]
[www.bashundharagroup.com/assets/upload/medium/medium_1524430497.jpg]
[www.bashundharagroup.com/article/bashundhara-chairman-gets-kar-bahadur-paribar-award.html]
[www.bashundharagroup.com/assets/upload/medium/medium_1524430169.png]
[www.bashundharagroup.com/article/come-out-of-loan-default-culture.html]
[www.bashundharagroup.com/assets/upload/medium/medium_1524428584.jpg]
[www.bashundharagroup.com/article/daily-sun-celebrating-7th-anniversary.html]
[www.bashundharagroup.com/assets/upload/medium/medium_1524428444.jpg]
[www.bashundharagroup.com/article/bashundhara-group-korean-mts.html]
[www.bashundharagroup.com/assets/upload/medium/medium_1524427796.jpg]
[www.bashundharagroup.com/article/bashundhara-to-supply-cement-to-metro-rail-project.html]
[www.bashundharagroup.com/assets/upload/medium/medium_1524426220.jpg]
[www.bashundharagroup.com/article/bashundhara-shows-humanity.html]
[www.bashundharagroup.com/assets/upload/medium/medium_1524417174.jpg]
[www.bashundharagroup.com/article/bsec-allows-bashundhara-paper.html]
[www.bashundharagroup.com/assets/upload/medium/medium_1524417014.jpg]
[www.bashundharagroup.com/article/managerial-communication-training.html]
[www.bashundharagroup.com/assets/upload/medium/medium_1524416709.jpg]
[www.bashundharagroup.com/article/bashundhara-noodles-pasta-hit-market.html]
[www.bashundharagroup.com/assets/upload/medium/medium_1524416579.jpg]
[www.bashundharagroup.com/article/bashundhara-cement-signs-deal-with-fdee.html]
[www.bashundharagroup.com/assets/upload/medium/medium_1524414985.jpg]
[www.bashundharagroup.com/article/bashundhara-diapant-rolled-out-in-city.html]
[www.bashundharagroup.com/assets/upload/medium/medium_1524414809.jpg]
[www.bashundharagroup.com/article/satellite-news24-launched.html]
[www.bashundharagroup.com/assets/upload/medium/medium_1524372936.jpg]
[www.bashundharagroup.com/article/bashundhara-tissue-daily-1000-tonnes.html]
[www.bashundharagroup.com/assets/upload/medium/medium_1524413638.jpg]
[www.bashundharagroup.com/article/russian-envoy-meets-bashundhara-group-md.html]
[www.bashundharagroup.com/assets/upload/medium/medium_1524413087.jpg]
[www.bashundharagroup.com/article/rangpur-riders-bg.html]
[www.bashundharagroup.com/assets/upload/medium/medium_1524407343.jpg]
[www.bashundharagroup.com/article/sayem-sobhan-accorded-reception.html]
[www.bashundharagroup.com/assets/upload/medium/medium_1524377068.jpg]
[www.bashundharagroup.com/article/bangladesh-pratidin-8thyr.html]
[www.bashundharagroup.com/assets/upload/medium/medium_1524376663.jpg]
[www.bashundharagroup.com/article/valerie-taylor-angela.html]
[www.bashundharagroup.com/assets/upload/medium/medium_1524376769.jpg]
[www.bashundharagroup.com/article/blpgl-meeting-distributors.html]
[www.bashundharagroup.com/assets/upload/medium/medium_1524376518.png]
[www.bashundharagroup.com/article/blpgl-celebrates-record-sales.html]
[www.bashundharagroup.com/assets/upload/medium/medium_1524376344.jpg]
[www.bashundharagroup.com/article/iccb-gets-2015-certification.html]
[www.bashundharagroup.com/assets/upload/medium/medium_1524376253.jpg]
[www.bashundharagroup.com/article/bpm-annual-distributor-conf17.html]
[www.bashundharagroup.com/assets/upload/medium/medium_1524376061.jpg]
[www.bashundharagroup.com/article/bg-setup-lp-plant-dhaka.html]
[www.bashundharagroup.com/assets/upload/medium/medium_1524375729.jpg]
[www.bashundharagroup.com/article/hi-tech-packaging-paper.html]
[www.bashundharagroup.com/assets/upload/medium/medium_1524375568.jpg]
[www.bashundharagroup.com/article/blpgl-meeting-khulna.html]
[www.bashundharagroup.com/assets/upload/medium/medium_1524375242.jpg]
[www.bashundharagroup.com/article/kalerkantho-into-eighth.html]
[www.bashundharagroup.com/assets/upload/medium/medium_1524374944.jpg]
[www.bashundharagroup.com/article/radio-capital-launched-commercially.html]
[www.bashundharagroup.com/assets/upload/medium/medium_1524374725.jpg]
[www.bashundharagroup.com/article/distributors-conference-of-bashundhara-paper-held.html]
[www.bashundharagroup.com/assets/upload/medium/medium_1524373053.png]
[www.bashundharagroup.com/article/bg-donates-land-new-police-station.html]
[www.bashundharagroup.com/assets/upload/medium/medium_1524372726.jpg]
[www.bashundharagroup.com/article/baba-rafi-inks-deal.html]
[www.bashundharagroup.com/assets/upload/medium/medium_1524372279.jpg]
[www.bashundharagroup.com/article/portray-bg-chairman.html]
[www.bashundharagroup.com/assets/upload/medium/medium_1524371745.jpg]
[www.bashundharagroup.com/article/media-club-journey.html]
[www.bashundharagroup.com/assets/upload/medium/medium_1524371505.png]
[www.bashundharagroup.com/article/south-asian-fashion-lifestyle-fest-2016.html]
[www.bashundharagroup.com/assets/upload/medium/medium_1524351698.jpg]
[www.bashundharagroup.com/article/bashundhara-paper-annual-conf16.html]
[www.bashundharagroup.com/assets/upload/medium/medium_1524351622.jpg]
[www.bashundharagroup.com/article/indonesian-kebab-opened.html]
[www.bashundharagroup.com/assets/upload/medium/medium_1524351442.jpg]
[www.bashundharagroup.com/article/bashundhara-paper-mills-gets-fsc-coc-certificate.html]
[www.bashundharagroup.com/assets/upload/medium/medium_1524351349.jpg]
[www.bashundharagroup.com/article/news24-begins-test-run.html]
[www.bashundharagroup.com/assets/upload/medium/medium_1524351212.jpg]
[www.bashundharagroup.com/article/du-basanta-utsab-held.html]
[www.bashundharagroup.com/assets/upload/medium/medium_1524350675.jpg]
[www.bashundharagroup.com/article/bangladesh-pratidin-steps-into-7th-year.html]
[www.bashundharagroup.com/assets/upload/medium/medium_1524350550.jpg]
[www.bashundharagroup.com/article/thitiphun-wins-in-style.html]
[www.bashundharagroup.com/assets/upload/medium/medium_1524350443.jpg]
[www.bashundharagroup.com/article/37th-national-day-iran.html]
[www.bashundharagroup.com/assets/upload/medium/medium_1524350359.jpg]
[www.bashundharagroup.com/article/safwan-visits-kurmitola-golf.html]
[www.bashundharagroup.com/assets/upload/medium/medium_1524350226.jpg]
[www.bashundharagroup.com/article/joshi-ready-to-strike.html]
[www.bashundharagroup.com/assets/upload/medium/medium_1524308161.jpg]
[www.bashundharagroup.com/assets/upload/medium/medium_1524308003.jpg]
[www.bashundharagroup.com/article/iran-keen-to-work.html]
[www.bashundharagroup.com/article/2nd-bashundhara-open-february-10.html]
[www.bashundharagroup.com/assets/upload/medium/medium_1524307890.jpg]
[www.bashundharagroup.com/assets/upload/medium/medium_1524307663.jpg]
[www.bashundharagroup.com/article/vision-foundation-eye-camp.html]
[www.bashundharagroup.com/article/qatar-prince-meets-anvir.html]
[www.bashundharagroup.com/assets/upload/medium/medium_1524307434.jpg]
[www.bashundharagroup.com/article/kaler-kantho-sixth-year.html]
[www.bashundharagroup.com/assets/upload/medium/medium_1524307112.jpg]
[www.bashundharagroup.com/article/bashundhara-winter-camp-2015.html]
[www.bashundharagroup.com/assets/upload/medium/medium_1524306452.jpg]
[www.bashundharagroup.com/assets/upload/medium/medium_1524306261.jpg]
[www.bashundharagroup.com/article/cement-masons-confce-in-madaripur.html]
[www.bashundharagroup.com/article/blpgl-prize-giving.html]
[www.bashundharagroup.com/assets/upload/medium/medium_1524305926.jpg]
[www.bashundharagroup.com/article/bashundhara-cement-victory-football.html]
[www.bashundharagroup.com/assets/upload/medium/medium_1524305722.jpg]
[www.bashundharagroup.com/article/blpgl-best-award.html]
[www.bashundharagroup.com/assets/upload/medium/medium_1524305593.jpg]
[www.bashundharagroup.com/article/cement-masons-confce-mymensingh.html]
[www.bashundharagroup.com/assets/upload/medium/medium_1524305009.jpg]
[www.bashundharagroup.com/article/bg-initiates-business-automation.html]
[www.bashundharagroup.com/assets/upload/medium/medium_1524304683.jpg]
[www.bashundharagroup.com/article/bashundhara-cement-mason-meet.html]
[www.bashundharagroup.com/assets/upload/medium/medium_1524304531.jpg]
[www.bashundharagroup.com/article/cement-masons-conference-munshiganj.html]
[www.bashundharagroup.com/assets/upload/medium/medium_1524304256.jpg]
[www.bashundharagroup.com/article/cement-exchange-views-masons.html]
[www.bashundharagroup.com/assets/upload/medium/medium_1524303899.jpg]
[www.bashundharagroup.com/article/bashundhara-lp-gas-hits.html]
[www.bashundharagroup.com/assets/upload/medium/medium_1524303746.jpg]
[www.bashundharagroup.com/article/bashundhara-group-stands-beside-disabled-children.html]
[www.bashundharagroup.com/assets/upload/medium/medium_1524303603.jpg]
[www.bashundharagroup.com/article/bashundhara-jomjomat.html]
[www.bashundharagroup.com/assets/upload/medium/medium_1524303522.jpg]
[www.bashundharagroup.com/assets/upload/medium/medium_1524303342.jpg]
[www.bashundharagroup.com/article/bashundhara-group-md-calls-on-us-congressman.html]
[www.bashundharagroup.com/article/ewmgl-md-sayem-sobhan-anvir-made-life-member.html]
[www.bashundharagroup.com/assets/upload/medium/medium_1524303121.jpg]
[www.bashundharagroup.com/assets/upload/medium/medium_1524302813.jpg]
[www.bashundharagroup.com/article/bashundhara-group-md-meets-obama’s-adviser.html]
[www.bashundharagroup.com/article/us-congressman-urges.html]
[www.bashundharagroup.com/assets/upload/medium/medium_1524302713.jpg]
[www.bashundharagroup.com/article/mid-autumn-festival.html]
[www.bashundharagroup.com/assets/upload/medium/medium_1524301584.jpg]
[www.bashundharagroup.com/article/anhui-construction-praises-quality-of-king-brand-cement.html]
[www.bashundharagroup.com/assets/upload/medium/medium_1524301326.jpg]
[www.bashundharagroup.com/article/bashundhara-lp-gas-holds-annual-sales-meeting.html]
[www.bashundharagroup.com/assets/upload/medium/medium_1524301178.jpg]
[www.bashundharagroup.com/article/bashundhara-cement-to-be-used-in-ghorashal.html]
[www.bashundharagroup.com/assets/upload/medium/medium_1524300941.jpg]
[www.bashundharagroup.com/article/6891-students-get-free.html]
[www.bashundharagroup.com/assets/upload/medium/medium_1524300782.jpg]
[www.bashundharagroup.com/article/sheikh-russel-krira.html]
[www.bashundharagroup.com/assets/upload/medium/medium_1521867945.jpg]
[www.bashundharagroup.com/article/fortune-offer.html]
[www.bashundharagroup.com/assets/upload/medium/medium_1524299843.jpg]
[www.bashundharagroup.com/article/bashundhara-city-grand-eid-raffle-draw-held.html]
[www.bashundharagroup.com/article/bashundhara-cement-holds-mason-confce.html]
[www.bashundharagroup.com/assets/upload/medium/medium_1524292702.jpg]
[www.bashundharagroup.com/article/bashundhara-chairman-condoles-death-of-amjad-khan-chowdhury.html]
[www.bashundharagroup.com/article/manobik-shahajjo.html]
[www.bashundharagroup.com/assets/upload/medium/medium_1524290919.jpg]
[www.bashundharagroup.com/article/tissue-production.html]
[www.bashundharagroup.com/assets/upload/medium/medium_1521692894.jpg]
[www.bashundharagroup.com/article/titas-to-supply-gas.html]
[www.bashundharagroup.com/article/asian-int’l-trade--tourism-fair-begins.html]
[www.bashundharagroup.com/assets/upload/medium/medium_1521692798.jpg]
[www.bashundharagroup.com/article/maruful-haque-appointed-sheikh-russel-coach.html]
[www.bashundharagroup.com/assets/upload/medium/medium_1521692632.jpg]
[www.bashundharagroup.com/gridpage/news.html]
[www.bashundharagroup.com/gallery/asian-tour-bashundhara-bangladesh-open.html]
[www.bashundharagroup.com/assets/upload/cover/cover_1526280581.jpg]
[www.bashundharagroup.com/gallery/sayem-sobhan-anvir-at-padma-bridge-signing-ceremony.html]
[www.bashundharagroup.com/assets/upload/cover/cover_1526287617.jpg]
[www.bashundharagroup.com/gallery/bashundhara-group-teams-up-with-golf-federation.html]
[www.bashundharagroup.com/assets/upload/cover/cover_1526269898.jpg]
[www.bashundharagroup.com/gallery/agreement-with-nde-readymix-concrete.html]
[www.bashundharagroup.com/assets/upload/cover/cover_1526289965.jpg]
[www.bashundharagroup.com/gallery/sayem-sobhan-anvir-celebrating-5th-anniversary-of-kalerkantho.html]
[www.bashundharagroup.com/assets/upload/cover/cover_1526356106.jpg]
[www.bashundharagroup.com/gallery/bashundhara-group-sports-fiesta-2014-starts.html]
[www.bashundharagroup.com/assets/upload/cover/cover_1526269005.jpg]
[www.bashundharagroup.com/gallery/bg-md-donated-computer-to-bn-school-college.html]
[www.bashundharagroup.com/assets/upload/cover/cover_1526357376.jpg]
[www.bashundharagroup.com/gallery/bg-chairman-ahmed-akbar-sobhan-calls-for-dynamic-journalism.html]
[www.bashundharagroup.com/assets/upload/cover/cover_1526359571.jpg]
[www.bashundharagroup.com/gallery/bg-chairman-received-star-client-award.html]
[www.bashundharagroup.com/assets/upload/cover/cover_1526360097.jpg]
[www.bashundharagroup.com/gallery/shafiat-sobhan-sanvir-inaugurated-bg-bus-services.html]
[www.bashundharagroup.com/assets/upload/cover/cover_1526361400.jpg]
[www.bashundharagroup.com/gallery/shafiat-sobhan-sanvir-hands-over-prize-to-taijul.html]
[www.bashundharagroup.com/assets/upload/cover/cover_1526376222.jpg]
[www.bashundharagroup.com/gallery/bashundhara-group-toma-group-signs-agreement.html]
[www.bashundharagroup.com/assets/upload/cover/cover_1526276650.jpg]
[www.bashundharagroup.com/gallery/bashundhara-group-icmab-signs-mou.html]
[www.bashundharagroup.com/assets/upload/cover/cover_1526275421.jpg]
[www.bashundharagroup.com/gallery/bashundhara-cement--bestec-signing-ceremony.html]
[www.bashundharagroup.com/assets/upload/cover/cover_1526377416.jpg]
[www.bashundharagroup.com/gallery/country’s-largest-mosque-to-be-built-at-bashundhara.html]
[www.bashundharagroup.com/assets/upload/cover/cover_1526535890.jpg]
[www.bashundharagroup.com/gallery/kalerkantho-birthday-2014.html]
[www.bashundharagroup.com/assets/upload/cover/cover_1526536741.jpg]
[www.bashundharagroup.com/gallery/bashundhara-new-year-cup-golf-tournament-2014.html]
[www.bashundharagroup.com/assets/upload/cover/cover_1526277989.jpg]
[www.bashundharagroup.com/assets/upload/cover/cover_1526203731.jpg]
[www.bashundharagroup.com/gallery/bashundhara-cricket--badminton-tournament-2013.html]
[www.bashundharagroup.com/gallery/signing-agreement-with-abdul-monem-ltd.html]
[www.bashundharagroup.com/assets/upload/cover/cover_1526538215.jpg]
[www.bashundharagroup.com/gallery/bashundhara-cup-golf-2012.html]
[www.bashundharagroup.com/assets/upload/cover/cover_1526205536.jpg]
[www.bashundharagroup.com/gallery/honorable-chairman.html]
[www.bashundharagroup.com/assets/upload/cover/cover_1526538614.jpg]
[www.bashundharagroup.com/gallery/bashundhara-sports.html]
[www.bashundharagroup.com/assets/upload/cover/cover_1526538808.jpg]
[www.bashundharagroup.com/gallery/bashundhara-cup-golf-2013.html]
[www.bashundharagroup.com/assets/upload/cover/cover_1526206148.jpg]
[www.bashundharagroup.com/gallery/inauguration-of-bashundhara-cement.html]
[www.bashundharagroup.com/assets/upload/cover/cover_1526540707.jpg]
[www.bashundharagroup.com/albums.html]
[www.bashundharagroup.com/video/documentary-2022.html]
[www.bashundharagroup.com/assets/upload/medium/medium_1647856014.png]
[www.bashundharagroup.com/video/documentary-on-bashundhara-housing-(bangla).html]
[www.bashundharagroup.com/assets/upload/medium/medium_1596532609.jpg]
[www.bashundharagroup.com/video/documentary-on-bashundhara-housing-(english).html]
[www.bashundharagroup.com/video/bashundhara-bitumen-plant-the-first-ever-private-sector-bitumen-plant-in-bangladesh.html]
[www.bashundharagroup.com/assets/upload/medium/medium_1582367780.png]
[www.bashundharagroup.com/video/bashundhara-paper-mills-ltd.html]
[www.bashundharagroup.com/assets/upload/medium/medium_1530781303.png]
[www.bashundharagroup.com/video/documentary-2018.html]
[www.bashundharagroup.com/assets/upload/medium/medium_1523428510.png]
[www.bashundharagroup.com/video/bashundhara-toiletries-x-rangpur-riders-_-ফুরফুরে-মনে-জয়ের-লড়াইয়ে-_-bpl-t20-2024.html]
[www.bashundharagroup.com/assets/upload/medium/medium_1706939277.png]
[www.bashundharagroup.com/video/bashundhara-lp-gas-tvc-2019.html]
[www.bashundharagroup.com/assets/upload/medium/medium_1576140858.png]
[www.bashundharagroup.com/video/monalisa-sanitary-napkin-tvc-2018.html]
[www.bashundharagroup.com/assets/upload/medium/medium_1528189574.png]
[www.bashundharagroup.com/video/bashundhara-tissue-tvc-2018.html]
[www.bashundharagroup.com/assets/upload/medium/medium_1528181345.png]
[www.bashundharagroup.com/video/bashundhara-exercise-book-tvc-2018.html]
[www.bashundharagroup.com/assets/upload/medium/medium_1528189162.png]
[www.bashundharagroup.com/video/bashundhara-snacks-tvc-2017.html]
[www.bashundharagroup.com/assets/upload/medium/medium_1528173712.png]
[www.bashundharagroup.com/video/bashundhara-suji-tvc-2017.html]
[www.bashundharagroup.com/assets/upload/medium/medium_1528173687.png]
[www.bashundharagroup.com/video/bashundhara-maida-tvc-2017.html]
[www.bashundharagroup.com/assets/upload/medium/medium_1528173662.png]
[www.bashundharagroup.com/video/bashundhara-atta-tvc-2017.html]
[www.bashundharagroup.com/assets/upload/medium/medium_1528173621.png]
[www.bashundharagroup.com/video/bashundhara-diapant-tvc-2017.html]
[www.bashundharagroup.com/assets/upload/medium/medium_1528184400.png]
[www.bashundharagroup.com/video/iccb-tvc-2017.html]
[www.bashundharagroup.com/assets/upload/medium/medium_1527923659.png]
[www.bashundharagroup.com/video/bashundhara-cement-tvc-1.html]
[www.bashundharagroup.com/assets/upload/medium/medium_1528101485.png]
[www.bashundharagroup.com/video/bashundhara-cement-tvc-2.html]
[www.bashundharagroup.com/assets/upload/medium/medium_1528101501.png]
[www.bashundharagroup.com/video/bashundhara-diaper-tvc-2016.html]
[www.bashundharagroup.com/assets/upload/medium/medium_1528186272.png]
[www.bashundharagroup.com/video/bashundhara-cement-tvc-3.html]
[www.bashundharagroup.com/assets/upload/medium/medium_1528101516.png]
[www.bashundharagroup.com/video/bashundhara-cement-tvc-4.html]
[www.bashundharagroup.com/assets/upload/medium/medium_1528101534.png]
[www.bashundharagroup.com/categories/video.html]
[www.bashundharagroup.com/page/facebook.html]
[www.bashundharagroup.com/page/youtube.html]
[www.google.com/recaptcha/api.js]
[www.bashundharagroup.com/assets/frontend/plugins/gmaps/js/gmaps.js]
[www.bashundharagroup.com/assets/frontend/js/map.js]
[www.bashundharagroup.com/contact.html]
[www.bashundharagroup.com/assets/upload/original/original_1687755643.jpg]
[www.bashundharagroup.com/assets/upload/small/small_1710130530.png]
[www.bashundharagroup.com/assets/upload/small/small_1705473356.jpg]
[www.bashundharagroup.com/assets/upload/small/small_1703581461.jpg]
[www.bashundharagroup.com/assets/upload/small/small_1694842061.jpg]
[www.bashundharagroup.com/assets/upload/small/small_1694841961.jpg]
[www.bashundharagroup.com/assets/upload/small/small_1595230293.jpg]
[www.bashundharagroup.com/assets/upload/small/small_1661927159.jpg]
[www.bashundharagroup.com/assets/upload/small/small_1656129948.jpg]
[www.bashundharagroup.com/assets/upload/small/small_1653882192.jpg]
[www.bashundharagroup.com/assets/upload/small/small_1649824978.jpg]
[www.bashundharagroup.com/assets/upload/small/small_1638250340.jpg]
[www.bashundharagroup.com/assets/upload/small/small_1647057035.jpg]
[www.bashundharagroup.com/assets/upload/small/small_1645849663.jpg]
[www.bashundharagroup.com/assets/upload/small/small_1630127786.jpg]
[www.bashundharagroup.com/assets/upload/small/small_1644732901.jpg]
[www.bashundharagroup.com/article/bashundhara-launches-toiletries-venture.html]
[www.bashundharagroup.com/assets/upload/original/original_1595230293.jpg]
[www.bashundharagroup.com/assets/upload/small/small_1687755643.jpg]
[www.bashundharagroup.com/article/bashundhara-group-gets-int’l-recognition-for-csr-excellence.html]
[www.bashundharagroup.com/assets/upload/original/original_1661927159.jpg]
[www.bashundharagroup.com/article/ewpd-moves-to-digitise-documentation-with-support-of-techone.html]
[www.bashundharagroup.com/assets/upload/original/original_1656129948.jpg]
[www.bashundharagroup.com/article/bashundhara-group-stands-by-flood-hit-people-in-sylhet.html]
[www.bashundharagroup.com/assets/upload/original/original_1653882192.jpg]
[www.bashundharagroup.com/article/bashundhara-multi-trading-hosts-annual-business-conference.html]
[www.bashundharagroup.com/assets/upload/original/original_1649824978.jpg]
[www.bashundharagroup.com/article/safwan-sobhan-adorned-with-global-leader-of-the-year-2021-22.html]
[www.bashundharagroup.com/assets/upload/original/original_1638250340.jpg]
[www.bashundharagroup.com/article/bashundhara-group-md-honoured-as-_person-of-the-year_.html]
[www.bashundharagroup.com/assets/upload/original/original_1647057035.jpg]
[www.bashundharagroup.com/article/bashundhara-group-to-supply-coal-to-rampal-power-plant.html]
[www.bashundharagroup.com/assets/upload/original/original_1645849663.jpg]
[www.bashundharagroup.com/article/sayem-sobhan-anvir-receives-mother-teresa-intl-award.html]
[www.bashundharagroup.com/assets/upload/original/original_1630127786.jpg]
[www.bashundharagroup.com/article/safwan-sobhan-elected-bezia-president.html]
[www.bashundharagroup.com/assets/upload/original/original_1644732901.jpg]
[www.bashundharagroup.com/article/bashundhara-spices-launches-3-new-bangla-fonts.html]
[www.bashundharagroup.com/assets/upload/original/original_1641270304.jpg]
[www.bashundharagroup.com/article/bashundhara-ready-mix-and-construction-industries-ltd-starts-commercial-operations.html]
[www.bashundharagroup.com/assets/upload/original/original_1641270121.jpg]
[www.bashundharagroup.com/article/bashundhara-tissue-wins-country’s-‘best-brand’-award-for-4th-consecutive-term.html]
[www.bashundharagroup.com/assets/upload/original/original_1640775690.jpg]
[www.bashundharagroup.com/article/bashundhara-paper-approves-12pc-cash-dividend.html]
[www.bashundharagroup.com/assets/upload/original/original_1640775535.jpg]
[www.bashundharagroup.com/article/bashundhara-group’s-noble-initiative_-cold-hit-people-get-blankets-in-narail-jhenaidah-pabna.html]
[www.bashundharagroup.com/page/toggi-fun-world-brand.html]
[www.bashundharagroup.com/page/brand-bashundhara-kings.html]
[www.bashundharagroup.com/page/brand-international-convention-city-bashundhara.html]
[www.bashundharagroup.com/page/brand-baba-rafi-bangladesh.html]
[www.bashundharagroup.com/page/king-brand-cement.html]
[www.bashundharagroup.com/page/bashundhara-cement.html]
[www.bashundharagroup.com/page/news-24-tv.html]
[www.bashundharagroup.com/page/radio-capital.html]
[www.bashundharagroup.com/page/daily-kaler-kantho.html]
[www.bashundharagroup.com/page/daily-sun.html]
[www.bashundharagroup.com/page/bangla-news-24.html]
[www.bashundharagroup.com/page/bangladesh-protidin.html]
[www.bashundharagroup.com/page/bashundhara-city-development-ltd.html]
[www.bashundharagroup.com/page/monalisa.html]
[www.bashundharagroup.com/page/bashundhara-diapant.html]
[www.bashundharagroup.com/page/bashundhara-diaper.html]
[www.bashundharagroup.com/page/bashundhara-exercise-book.html]
[www.bashundharagroup.com/page/bashundhara-tissue.html]
[www.bashundharagroup.com/page/a4-paper.html]
[www.bashundharagroup.com/privacy-policy.html]
[www.bashundharagroup.com/assets/frontend/js/index.js]
[www.bashundharagroup.com/assets/frontend/plugins/font-awesome/webfonts/fa-brands-400.svg]
[www.bashundharagroup.com/assets/frontend/plugins/font-awesome/webfonts/fa-regular-400.svg]
[www.bashundharagroup.com/assets/frontend/plugins/font-awesome/webfonts/fa-solid-900.svg]
[www.bashundharagroup.com/assets/frontend/fonts/fonts/clip-font.svg]
[www.bashundharagroup.com/assets/frontend/plugins/flex-slider/fonts/flexslider-icon.svg]
[www.bashundharagroup.com/assets/frontend/fonts/solaimanLipi/SolaimanLipi.svg]
[connect.facebook.net/en_GB/sdk.js]
[www.bashundharagroup.com/assets/upload/original/original_1710130530.png]
[www.bashundharagroup.com/article/bashundhara-tissue-awarded-asia’s-prestigious-brand.html]
[www.bashundharagroup.com/assets/upload/original/original_1705473356.jpg]
[www.bashundharagroup.com/article/bashundhara-paper-sector-unveils-its-first-sustainability-report.html]
[www.bashundharagroup.com/assets/upload/original/original_1703581461.jpg]
[www.bashundharagroup.com/article/bashundhara-tissue-wins-‘best-brand-award’-for-6th-time-in-a-row.html]
[www.bashundharagroup.com/assets/upload/original/original_1694842061.jpg]
[www.bashundharagroup.com/article/bashundhara-toiletries-unveils-logo.html]
[www.bashundharagroup.com/assets/upload/original/original_1694841961.jpg]
[www.bashundharagroup.com/article/extra-softness-arrives-in-bangladesh-with-petal-tissue-of-bashundhara.html]
[www.bashundharagroup.com/article/sayem-sobhan-anvir-elected-bajus-president.html]
[www.bashundharagroup.com/assets/upload/original/original_1636782971.png]
[www.bashundharagroup.com/article/bashundhara-group-launches-bir-cement.html]
[www.bashundharagroup.com/article/bashundhara-group-recognized-with-‘best-brand-2021’-status.html]
[www.bashundharagroup.com/assets/upload/original/original_1631004668.jpg]
[www.bashundharagroup.com/article/bashundhara-group-vc-shafiat-sobhan-receives-int’l-award-for-business-leadership.html]
[www.bashundharagroup.com/article/safwan-sobhan-gets-‘asia’s-greatest-leader’-award.html]
[www.bashundharagroup.com/assets/upload/original/original_1630133047.png]
[www.bashundharagroup.com/article/bashundhara-tissue-wins-‘asia’s-greatest-brand’-award.html]
[www.bashundharagroup.com/assets/upload/original/original_1630127754.jpg]
[www.bashundharagroup.com/article/bashundhara-group-distributes-relief-among-3000-families-in-b’baria.html]
[www.bashundharagroup.com/assets/upload/original/original_1630127704.jpg]
[www.bashundharagroup.com/article/bashundhara-group-distributes-relief-in-rajshahi-gaibandha.html]
[www.bashundharagroup.com/assets/upload/original/original_1629701114.jpg]
[www.bashundharagroup.com/article/bashundhara-group-continues-relief-operation-in-rajshahi.html]
[www.bashundharagroup.com/assets/upload/original/original_1628919033.jpg]
[www.bashundharagroup.com/article/bashundhara-group-brings-happiness-to-poor-in-pabna.html]
[www.bashundharagroup.com/assets/upload/original/original_1627725715.jpg]
[www.bashundharagroup.com/assets/upload/wallpaper/wallpaper_1627725748.jpg]
[www.bashundharagroup.com/article/bashundhara-group-distributes-relief-among-insolvent-families-in-bogura.html]
[www.bashundharagroup.com/assets/upload/original/original_1626689969.jpg]
[www.bashundharagroup.com/article/bashundhara-group-distributes-relief-at-iccb.html]
[www.bashundharagroup.com/article/bashundhara-group-receives-best-business-conglomerate-group-award-2021.html]
[www.bashundharagroup.com/assets/upload/original/original_1627724748.jpg]
[www.bashundharagroup.com/article/studentsorphans-pray-for-bashundhara-group-chairman.html]
[www.bashundharagroup.com/assets/upload/original/original_1627724353.jpg]
[www.bashundharagroup.com/article/iccb-heritage-restaurant-launches-journey.html]
[www.bashundharagroup.com/assets/upload/original/original_1613021654.jpg]
[www.bashundharagroup.com/article/bashundhara-bitumen-starts-commercial-operations.html]
[www.bashundharagroup.com/assets/upload/original/original_1610945607.jpg]
[www.bashundharagroup.com/assets/upload/grid/grid_1610945619.jpg]
[www.bashundharagroup.com/article/bashundhara-group-sets-up-country’s-biggest-petrochemical-plant.html]
[www.bashundharagroup.com/assets/upload/original/original_1610945585.jpg]
[www.bashundharagroup.com/article/blpgl-accords-reception-to-bashundhara-kings-players.html]
[www.bashundharagroup.com/assets/upload/original/original_1610944260.jpg]
[www.bashundharagroup.com/article/kings-retain-federation-cup-title.html]
[www.bashundharagroup.com/assets/upload/original/original_1608612079.jpg]
[www.bashundharagroup.com/article/bashundhara-group-sets-example-of-humanity.html]
[www.bashundharagroup.com/assets/upload/original/original_1608610114.jpg]
[www.bashundharagroup.com/assets/upload/wallpaper/wallpaper_1608610138.jpg]
[www.bashundharagroup.com/assets/upload/wallpaper/wallpaper_1608610175.jpg]
[www.bashundharagroup.com/assets/upload/wallpaper/wallpaper_1608610186.jpg]
[www.bashundharagroup.com/article/bashundhara-group-a-pioneer-of-low-cost-health-service-medical-education.html]
[www.bashundharagroup.com/assets/upload/original/original_1608533551.jpg]
[www.bashundharagroup.com/article/bashundhara-housing-changed-office-address.html]
[www.bashundharagroup.com/assets/upload/original/original_1608533587.jpg]
[www.bashundharagroup.com/article/bashundhara-group-receives-superbrands-award-for-lp-gas.html]
[www.bashundharagroup.com/assets/upload/original/original_1608533409.jpg]
[www.bashundharagroup.com/article/winning-superbrands-award-by-bashundhara-paper-tissue-and-diaper-celebrated.html]
[www.bashundharagroup.com/assets/upload/original/original_1608533379.jpg]
[www.bashundharagroup.com/article/bashundhara-bitumen-plant-to-produce-quality-bitumen.html]
[www.bashundharagroup.com/assets/upload/original/original_1600672100.jpg]
[www.bashundharagroup.com/article/bashundhara-group-stands-by-injured-journo.html]
[www.bashundharagroup.com/assets/upload/original/original_1600251812.jpg]
[www.bashundharagroup.com/article/cement-sector-cba-leaders-appreciate-bashundhara-group.html]
[www.bashundharagroup.com/assets/upload/original/original_1597722855.jpg]
[www.bashundharagroup.com/article/bashundhara-group-distributes-food-aid-among-flood-hit-people.html]
[www.bashundharagroup.com/assets/upload/original/original_1597722398.3ab.delayed]
